Data,A,B,C
1,56,97,32
2,12,45,44
3,92,66,78
4,34,94,99
5,27,67,95
6,17,81,83
